ForexamplesupposePhilphixseesSPRINGintheinputfile.first,itchecksifSPRINGisinthedictionaryforreplacement.Ifitisnot,thenitchecksifSpringisinthedictionaryforreplacement.IfSPRINGandSpringarebothnotinthedictionary,thenitchecksifspringisinthedictionaryforreplacement.Ifall3variationsarenotinthedictionary,thenPhilphixleavesthewordunchanged.
